// Jest Snapshot v1, https://goo.gl/fbAQLP

exports[`<Main/> should render the heading 1`] = `
<main
  class="sc-bdfBwQ jRhqwo"
>
  <img
    alt="Imagem de um átomo e react Avançado escriot ao lado."
    class="sc-gsTCUz iCHfWn"
    src="/img/logo.svg"
  />
  <h1
    class="sc-dlfnbm pUNJm"
  >
    React Avançado
  </h1>
  <h2
    class="sc-hKgILt bfcbOc"
  >
    TypeScript, ReactJS, NextJS e Styled Components
  </h2>
  <img
    alt="Um desenvolvedor de frente para um computador"
    class="sc-eCssSg kCUeb"
    src="/img/hero-illustration.svg"
  />
</main>
`;
